VCD info: dumpfile saida.vcd opened for output.
data_in=07
data_out=07, parity_ok_n=1, ready=1
tb.v:53: $finish called at 26 (1s)
